[
	{
		"ID": "-- Dynamic value --",
		"CreatedAt": "-- Dynamic value --",
		"UpdatedAt": "-- Dynamic value --",
		"Name": "TestRoom",
		"Rows": 10,
		"Columns": 20,
		"TheaterID": "fb126c8c-d059-11f0-8fa4-b35f33be83b7"
	},
	{
		"ID": "-- Dynamic value --",
		"CreatedAt": "-- Dynamic value --",
		"UpdatedAt": "-- Dynamic value --",
		"Name": "Theater1 Room1",
		"Rows": 10,
		"Columns": 8,
		"TheaterID": "bae209f6-d059-11f0-b2a4-cbf992c2eb6d"
	},
	{
		"ID": "-- Dynamic value --",
		"CreatedAt": "-- Dynamic value --",
		"UpdatedAt": "-- Dynamic value --",
		"Name": "Theater1 Room2",
		"Rows": 20,
		"Columns": 30,
		"TheaterID": "bae209f6-d059-11f0-b2a4-cbf992c2eb6d"
	},
	{
		"ID": "-- Dynamic value --",
		"CreatedAt": "-- Dynamic value --",
		"UpdatedAt": "-- Dynamic value --",
		"Name": "Theater1 Room3",
		"Rows": 3,
		"Columns": 5,
		"TheaterID": "bae209f6-d059-11f0-b2a4-cbf992c2eb6d"
	},
	{
		"ID": "-- Dynamic value --",
		"CreatedAt": "-- Dynamic value --",
		"UpdatedAt": "-- Dynamic value --",
		"Name": "Theater2 Room1",
		"Rows": 20,
		"Columns": 10,
		"TheaterID": "fb126c8c-d059-11f0-8fa4-b35f33be83b7"
	}
]