[
	{
		"ID": "925c2358-df46-11f0-a38e-abe580bde3d1",
		"CreatedAt": "2025-11-30T23:59:59Z",
		"UpdatedAt": "2025-11-30T23:59:59Z",
		"Name": "Theater1 Room1",
		"Rows": 10,
		"Columns": 8,
		"OperatingMode": "WEEKDAYS",
		"OpeningHour": 12,
		"ClosingHour": 24,
		"TheaterID": "bae209f6-d059-11f0-b2a4-cbf992c2eb6d"
	},
	{
		"ID": "e0722c3a-df42-11f0-9579-3734395be62a",
		"CreatedAt": "2025-11-30T23:59:59Z",
		"UpdatedAt": "2025-11-30T23:59:59Z",
		"Name": "Theater1 Room2",
		"Rows": 20,
		"Columns": 30,
		"OperatingMode": "WEEKENDS",
		"OpeningHour": 8,
		"ClosingHour": 22,
		"TheaterID": "bae209f6-d059-11f0-b2a4-cbf992c2eb6d"
	},
	{
		"ID": "e0a55f7e-df42-11f0-b791-874135af3470",
		"CreatedAt": "2025-11-30T23:59:59Z",
		"UpdatedAt": "2025-11-30T23:59:59Z",
		"Name": "Theater1 Room3",
		"Rows": 3,
		"Columns": 5,
		"OperatingMode": "CLOSED",
		"OpeningHour": 8,
		"ClosingHour": 16,
		"TheaterID": "bae209f6-d059-11f0-b2a4-cbf992c2eb6d"
	}
]