[
	{
		"ID": "bae209f6-d059-11f0-b2a4-cbf992c2eb6d",
		"CreatedAt": "2025-11-30T23:59:59+01:00",
		"UpdatedAt": "-- Dynamic value --",
		"Name": "Theater1"
	},
	{
		"ID": "ea0b7f96-ddc9-11f0-9635-23efd36396bd",
		"CreatedAt": "2025-10-01T08:00:00+02:00",
		"UpdatedAt": "-- Dynamic value --",
		"Name": "Theater3"
	},
	{
		"ID": "fb126c8c-d059-11f0-8fa4-b35f33be83b7",
		"CreatedAt": "2025-12-01T08:00:00+01:00",
		"UpdatedAt": "-- Dynamic value --",
		"Name": "Theater2"
	}
]